18:47:45 **** Incremental Build of configuration Debug for project uart ****
make -j8 all 
arm-none-eabi-gcc "../Core/Src/main.c" -mcpu=cortex-m3 -std=gnu11 -g3 -DDEBUG -DUSE_HAL_DRIVER -DSTM32F103xB -c -I../Core/Inc -I../Drivers/STM32F1xx_HAL_Driver/Inc/Legacy -I../Drivers/STM32F1xx_HAL_Driver/Inc -I../Drivers/CMSIS/Device/ST/STM32F1xx/Include -I../Drivers/CMSIS/Include -O0 -ffunction-sections -fdata-sections -Wall -fstack-usage -fcyclomatic-complexity -MMD -MP -MF"Core/Src/main.d" -MT"Core/Src/main.o" --specs=nano.specs -mfloat-abi=soft -mthumb -o "Core/Src/main.o"
arm-none-eabi-gcc -o "uart.elf" @"objects.list"   -mcpu=cortex-m3 -T"/home/aizaz/devomech/learning/stm32-f1/uart/STM32F103C8TX_FLASH.ld" --specs=nosys.specs -Wl,-Map="uart.map" -Wl,--gc-sections -static --specs=nano.specs -mfloat-abi=soft -mthumb -Wl,--start-group -lc -lm -Wl,--end-group
Finished building target: uart.elf
 
arm-none-eabi-size  uart.elf 
arm-none-eabi-objdump -h -S uart.elf  > "uart.list"
   text	   data	    bss	    dec	    hex	filename
   6068	     12	   1644	   7724	   1e2c	uart.elf
Finished building: default.size.stdout
 
Finished building: uart.list
 
18:49:57 **** Incremental Build of configuration Debug for project uart ****
make -j8 all 
arm-none-eabi-size  uart.elf 
   text	   data	    bss	    dec	    hex	filename
   6068	     12	   1644	   7724	   1e2c	uart.elf
Finished building: default.size.stdout
 
18:51:33 **** Incremental Build of configuration Debug for project uart ****
make -j8 all 
arm-none-eabi-size  uart.elf 
   text	   data	    bss	    dec	    hex	filename
   6068	     12	   1644	   7724	   1e2c	uart.elf
Finished building: default.size.stdout
 
18:52:27 **** Incremental Build of configuration Debug for project uart ****
make -j8 all 
arm-none-eabi-size  uart.elf 
   text	   data	    bss	    dec	    hex	filename
   6068	     12	   1644	   7724	   1e2c	uart.elf
Finished building: default.size.stdout
 
18:53:05 **** Incremental Build of configuration Debug for project uart ****
make -j8 all 
arm-none-eabi-size  uart.elf 
   text	   data	    bss	    dec	    hex	filename
   6068	     12	   1644	   7724	   1e2c	uart.elf
Finished building: default.size.stdout
 
18:53:47 **** Incremental Build of configuration Debug for project uart ****
make -j8 all 
arm-none-eabi-size  uart.elf 
   text	   data	    bss	    dec	    hex	filename
   6068	     12	   1644	   7724	   1e2c	uart.elf
Finished building: default.size.stdout
 
18:54:35 **** Incremental Build of configuration Debug for project uart ****
make -j8 all 
arm-none-eabi-size  uart.elf 
   text	   data	    bss	    dec	    hex	filename
   6068	     12	   1644	   7724	   1e2c	uart.elf
Finished building: default.size.stdout
 
18:55:03 **** Incremental Build of configuration Debug for project uart ****
make -j8 all 
arm-none-eabi-size  uart.elf 
   text	   data	    bss	    dec	    hex	filename
   6068	     12	   1644	   7724	   1e2c	uart.elf
Finished building: default.size.stdout
 
18:56:22 **** Incremental Build of configuration Debug for project uart ****
make -j8 all 
arm-none-eabi-size  uart.elf 
   text	   data	    bss	    dec	    hex	filename
   6068	     12	   1644	   7724	   1e2c	uart.elf
Finished building: default.size.stdout
 
18:57:50 **** Incremental Build of configuration Debug for project uart ****
make -j8 all 
arm-none-eabi-size  uart.elf 
   text	   data	    bss	    dec	    hex	filename
   6068	     12	   1644	   7724	   1e2c	uart.elf
Finished building: default.size.stdout
 
18:58:05 **** Incremental Build of configuration Debug for project uart ****
make -j8 all 
arm-none-eabi-size  uart.elf 
   text	   data	    bss	    dec	    hex	filename
   6068	     12	   1644	   7724	   1e2c	uart.elf
Finished building: default.size.stdout
 
