15:37:38 **** Incremental Build of configuration Debug for project pwm ****
make -j8 all 
arm-none-eabi-gcc "../Core/Src/main.c" -mcpu=cortex-m4 -std=gnu11 -g3 -DDEBUG -DUSE_HAL_DRIVER -DSTM32F401xC -c -I../Core/Inc -I../Drivers/STM32F4xx_HAL_Driver/Inc -I../Drivers/STM32F4xx_HAL_Driver/Inc/Legacy -I../Drivers/CMSIS/Device/ST/STM32F4xx/Include -I../Drivers/CMSIS/Include -O0 -ffunction-sections -fdata-sections -Wall -fstack-usage -fcyclomatic-complexity -MMD -MP -MF"Core/Src/main.d" -MT"Core/Src/main.o" --specs=nano.specs -mfpu=fpv4-sp-d16 -mfloat-abi=hard -mthumb -o "Core/Src/main.o"
arm-none-eabi-gcc -o "pwm.elf" @"objects.list"   -mcpu=cortex-m4 -T"/home/aizaz/devomech/learning/STM32F4-BlackPill/pwm/STM32F401CCUX_FLASH.ld" --specs=nosys.specs -Wl,-Map="pwm.map" -Wl,--gc-sections -static --specs=nano.specs -mfpu=fpv4-sp-d16 -mfloat-abi=hard -mthumb -Wl,--start-group -lc -lm -Wl,--end-group
Finished building target: pwm.elf
 
arm-none-eabi-size  pwm.elf 
arm-none-eabi-objdump -h -S pwm.elf  > "pwm.list"
   text	   data	    bss	    dec	    hex	filename
  11144	     12	   1740	  12896	   3260	pwm.elf
Finished building: default.size.stdout
 
Finished building: pwm.list
 

15:37:38 Build Finished. 0 errors, 0 warnings. (took 383ms)

