17:22:47 **** Incremental Build of configuration Debug for project rtos ****
make -j8 all 
arm-none-eabi-gcc "../Core/Src/main.c" -mcpu=cortex-m4 -std=gnu11 -g3 -DDEBUG -DUSE_HAL_DRIVER -DSTM32F401xC -c -I../Core/Inc -I../Drivers/STM32F4xx_HAL_Driver/Inc -I../Drivers/STM32F4xx_HAL_Driver/Inc/Legacy -I../Drivers/CMSIS/Device/ST/STM32F4xx/Include -I../Drivers/CMSIS/Include -I../Middlewares/Third_Party/FreeRTOS/Source/include -I../Middlewares/Third_Party/FreeRTOS/Source/CMSIS_RTOS_V2 -I../Middlewares/Third_Party/FreeRTOS/Source/portable/GCC/ARM_CM4F -O0 -ffunction-sections -fdata-sections -Wall -fstack-usage -fcyclomatic-complexity -MMD -MP -MF"Core/Src/main.d" -MT"Core/Src/main.o" --specs=nano.specs -mfpu=fpv4-sp-d16 -mfloat-abi=hard -mthumb -o "Core/Src/main.o"
arm-none-eabi-gcc -o "rtos.elf" @"objects.list"   -mcpu=cortex-m4 -T"/home/aizaz/devomech/learning/STM32F4-BlackPill/rtos/STM32F401CCUX_FLASH.ld" --specs=nosys.specs -Wl,-Map="rtos.map" -Wl,--gc-sections -static --specs=nano.specs -mfpu=fpv4-sp-d16 -mfloat-abi=hard -mthumb -Wl,--start-group -lc -lm -Wl,--end-group
Finished building target: rtos.elf
 
arm-none-eabi-size  rtos.elf 
arm-none-eabi-objdump -h -S rtos.elf  > "rtos.list"
   text	   data	    bss	    dec	    hex	filename
  18792	     16	  20416	  39224	   9938	rtos.elf
Finished building: default.size.stdout
 
Finished building: rtos.list
 

17:22:48 Build Finished. 0 errors, 0 warnings. (took 488ms)

