16:02:27 **** Incremental Build of configuration Debug for project goio-reg-level ****
make -j8 all 
arm-none-eabi-gcc "../Src/main.c" -mcpu=cortex-m4 -std=gnu11 -g3 -DDEBUG -DSTM32F401CCUx -DSTM32 -DSTM32F4 -c -I../Inc -O0 -ffunction-sections -fdata-sections -Wall -fstack-usage -fcyclomatic-complexity -MMD -MP -MF"Src/main.d" -MT"Src/main.o" --specs=nano.specs -mfloat-abi=soft -mthumb -o "Src/main.o"
arm-none-eabi-gcc -o "goio-reg-level.elf" @"objects.list"   -mcpu=cortex-m4 -T"/home/aizaz/devomech/learning/STM32F4-BlackPill/gpio-register-level/goio-reg-level/STM32F401CCUX_FLASH.ld" --specs=nosys.specs -Wl,-Map="goio-reg-level.map" -Wl,--gc-sections -static --specs=nano.specs -mfloat-abi=soft -mthumb -Wl,--start-group -lc -lm -Wl,--end-group
Finished building target: goio-reg-level.elf
 
arm-none-eabi-size  goio-reg-level.elf 
arm-none-eabi-objdump -h -S goio-reg-level.elf  > "goio-reg-level.list"
   text	   data	    bss	    dec	    hex	filename
   3704	     92	   1900	   5696	   1640	goio-reg-level.elf
Finished building: default.size.stdout
 
Finished building: goio-reg-level.list
 
16:03:23 **** Incremental Build of configuration Debug for project goio-reg-level ****
make -j8 all 
arm-none-eabi-gcc "../Src/main.c" -mcpu=cortex-m4 -std=gnu11 -g3 -DDEBUG -DSTM32F401CCUx -DSTM32 -DSTM32F4 -c -I../Inc -O0 -ffunction-sections -fdata-sections -Wall -fstack-usage -fcyclomatic-complexity -MMD -MP -MF"Src/main.d" -MT"Src/main.o" --specs=nano.specs -mfloat-abi=soft -mthumb -o "Src/main.o"
arm-none-eabi-gcc -o "goio-reg-level.elf" @"objects.list"   -mcpu=cortex-m4 -T"/home/aizaz/devomech/learning/STM32F4-BlackPill/gpio-register-level/goio-reg-level/STM32F401CCUX_FLASH.ld" --specs=nosys.specs -Wl,-Map="goio-reg-level.map" -Wl,--gc-sections -static --specs=nano.specs -mfloat-abi=soft -mthumb -Wl,--start-group -lc -lm -Wl,--end-group
Finished building target: goio-reg-level.elf
 
arm-none-eabi-size  goio-reg-level.elf 
arm-none-eabi-objdump -h -S goio-reg-level.elf  > "goio-reg-level.list"
   text	   data	    bss	    dec	    hex	filename
   3632	     92	   1900	   5624	   15f8	goio-reg-level.elf
Finished building: default.size.stdout
 
Finished building: goio-reg-level.list
 
16:08:29 **** Incremental Build of configuration Debug for project goio-reg-level ****
make -j8 all 
arm-none-eabi-gcc "../Src/main.c" -mcpu=cortex-m4 -std=gnu11 -g3 -DDEBUG -DSTM32F401CCUx -DSTM32 -DSTM32F4 -c -I../Inc -O0 -ffunction-sections -fdata-sections -Wall -fstack-usage -fcyclomatic-complexity -MMD -MP -MF"Src/main.d" -MT"Src/main.o" --specs=nano.specs -mfloat-abi=soft -mthumb -o "Src/main.o"
arm-none-eabi-gcc -o "goio-reg-level.elf" @"objects.list"   -mcpu=cortex-m4 -T"/home/aizaz/devomech/learning/STM32F4-BlackPill/gpio-register-level/goio-reg-level/STM32F401CCUX_FLASH.ld" --specs=nosys.specs -Wl,-Map="goio-reg-level.map" -Wl,--gc-sections -static --specs=nano.specs -mfloat-abi=soft -mthumb -Wl,--start-group -lc -lm -Wl,--end-group
Finished building target: goio-reg-level.elf
 
arm-none-eabi-size  goio-reg-level.elf 
arm-none-eabi-objdump -h -S goio-reg-level.elf  > "goio-reg-level.list"
   text	   data	    bss	    dec	    hex	filename
   3692	     92	   1900	   5684	   1634	goio-reg-level.elf
Finished building: default.size.stdout
 
Finished building: goio-reg-level.list
 
16:09:46 **** Incremental Build of configuration Debug for project goio-reg-level ****
make -j8 all 
arm-none-eabi-size  goio-reg-level.elf 
   text	   data	    bss	    dec	    hex	filename
   3692	     92	   1900	   5684	   1634	goio-reg-level.elf
Finished building: default.size.stdout
 
16:12:38 **** Incremental Build of configuration Debug for project goio-reg-level ****
make -j8 all 
arm-none-eabi-size  goio-reg-level.elf 
   text	   data	    bss	    dec	    hex	filename
   3692	     92	   1900	   5684	   1634	goio-reg-level.elf
Finished building: default.size.stdout
 
16:29:04 **** Incremental Build of configuration Debug for project goio-reg-level ****
make -j8 all 
arm-none-eabi-gcc "../Src/main.c" -mcpu=cortex-m4 -std=gnu11 -g3 -DDEBUG -DSTM32F401CCUx -DSTM32 -DSTM32F4 -c -I../Inc -O0 -ffunction-sections -fdata-sections -Wall -fstack-usage -fcyclomatic-complexity -MMD -MP -MF"Src/main.d" -MT"Src/main.o" --specs=nano.specs -mfloat-abi=soft -mthumb -o "Src/main.o"
arm-none-eabi-gcc -o "goio-reg-level.elf" @"objects.list"   -mcpu=cortex-m4 -T"/home/aizaz/devomech/learning/STM32F4-BlackPill/gpio-register-level/goio-reg-level/STM32F401CCUX_FLASH.ld" --specs=nosys.specs -Wl,-Map="goio-reg-level.map" -Wl,--gc-sections -static --specs=nano.specs -mfloat-abi=soft -mthumb -Wl,--start-group -lc -lm -Wl,--end-group
Finished building target: goio-reg-level.elf
 
arm-none-eabi-size  goio-reg-level.elf 
arm-none-eabi-objdump -h -S goio-reg-level.elf  > "goio-reg-level.list"
   text	   data	    bss	    dec	    hex	filename
   3688	     92	   1900	   5680	   1630	goio-reg-level.elf
Finished building: default.size.stdout
 
Finished building: goio-reg-level.list
 
16:31:03 **** Incremental Build of configuration Debug for project goio-reg-level ****
make -j8 all 
arm-none-eabi-gcc "../Src/main.c" -mcpu=cortex-m4 -std=gnu11 -g3 -DDEBUG -DSTM32F401CCUx -DSTM32 -DSTM32F4 -c -I../Inc -O0 -ffunction-sections -fdata-sections -Wall -fstack-usage -fcyclomatic-complexity -MMD -MP -MF"Src/main.d" -MT"Src/main.o" --specs=nano.specs -mfloat-abi=soft -mthumb -o "Src/main.o"
../Src/main.c: In function 'init_clock':
../Src/main.c:104:18: error: 'RCC_CFGR_SW_HSE' undeclared (first use in this function); did you mean 'RCC_CFGR_SW'?
  104 |     *RCC_CFGR |= RCC_CFGR_SW_HSE;
      |                  ^~~~~~~~~~~~~~~
      |                  RCC_CFGR_SW
../Src/main.c:104:18: note: each undeclared identifier is reported only once for each function it appears in
make: *** [Src/subdir.mk:25: Src/main.o] Error 1
"make -j8 all" terminated with exit code 2. Build might be incomplete.
16:32:25 **** Incremental Build of configuration Debug for project goio-reg-level ****
make -j8 all 
arm-none-eabi-gcc "../Src/main.c" -mcpu=cortex-m4 -std=gnu11 -g3 -DDEBUG -DSTM32F401CCUx -DSTM32 -DSTM32F4 -c -I../Inc -O0 -ffunction-sections -fdata-sections -Wall -fstack-usage -fcyclomatic-complexity -MMD -MP -MF"Src/main.d" -MT"Src/main.o" --specs=nano.specs -mfloat-abi=soft -mthumb -o "Src/main.o"
arm-none-eabi-gcc -o "goio-reg-level.elf" @"objects.list"   -mcpu=cortex-m4 -T"/home/aizaz/devomech/learning/STM32F4-BlackPill/gpio-register-level/goio-reg-level/STM32F401CCUX_FLASH.ld" --specs=nosys.specs -Wl,-Map="goio-reg-level.map" -Wl,--gc-sections -static --specs=nano.specs -mfloat-abi=soft -mthumb -Wl,--start-group -lc -lm -Wl,--end-group
Finished building target: goio-reg-level.elf
 
arm-none-eabi-size  goio-reg-level.elf 
arm-none-eabi-objdump -h -S goio-reg-level.elf  > "goio-reg-level.list"
   text	   data	    bss	    dec	    hex	filename
   3640	     92	   1900	   5632	   1600	goio-reg-level.elf
Finished building: default.size.stdout
 
Finished building: goio-reg-level.list
 
16:33:32 **** Incremental Build of configuration Debug for project goio-reg-level ****
make -j8 all 
arm-none-eabi-gcc "../Src/main.c" -mcpu=cortex-m4 -std=gnu11 -g3 -DDEBUG -DSTM32F401CCUx -DSTM32 -DSTM32F4 -c -I../Inc -O0 -ffunction-sections -fdata-sections -Wall -fstack-usage -fcyclomatic-complexity -MMD -MP -MF"Src/main.d" -MT"Src/main.o" --specs=nano.specs -mfloat-abi=soft -mthumb -o "Src/main.o"
../Src/main.c:30:50: error: expected identifier or '(' before 'volatile'
   30 | #define RCC_CR                                  (volatile uint32_t*)(RCC_BASE_ADDR + 0x00)                      /*clock control register*/
      |                                                  ^~~~~~~~
../Src/main.c:99:6: note: in expansion of macro 'RCC_CR'
   99 |     *RCC_CR &= ~RCC_CR_HSION;
      |      ^~~~~~
../Src/main.c:100:1: error: expected identifier or '(' before '}' token
  100 | }
      | ^
make: *** [Src/subdir.mk:25: Src/main.o] Error 1
"make -j8 all" terminated with exit code 2. Build might be incomplete.
16:33:51 **** Incremental Build of configuration Debug for project goio-reg-level ****
make -j8 all 
arm-none-eabi-gcc "../Src/main.c" -mcpu=cortex-m4 -std=gnu11 -g3 -DDEBUG -DSTM32F401CCUx -DSTM32 -DSTM32F4 -c -I../Inc -O0 -ffunction-sections -fdata-sections -Wall -fstack-usage -fcyclomatic-complexity -MMD -MP -MF"Src/main.d" -MT"Src/main.o" --specs=nano.specs -mfloat-abi=soft -mthumb -o "Src/main.o"
arm-none-eabi-gcc -o "goio-reg-level.elf" @"objects.list"   -mcpu=cortex-m4 -T"/home/aizaz/devomech/learning/STM32F4-BlackPill/gpio-register-level/goio-reg-level/STM32F401CCUX_FLASH.ld" --specs=nosys.specs -Wl,-Map="goio-reg-level.map" -Wl,--gc-sections -static --specs=nano.specs -mfloat-abi=soft -mthumb -Wl,--start-group -lc -lm -Wl,--end-group
Finished building target: goio-reg-level.elf
 
arm-none-eabi-size  goio-reg-level.elf 
arm-none-eabi-objdump -h -S goio-reg-level.elf  > "goio-reg-level.list"
   text	   data	    bss	    dec	    hex	filename
   3616	     92	   1900	   5608	   15e8	goio-reg-level.elf
Finished building: default.size.stdout
 
Finished building: goio-reg-level.list
 
16:40:28 **** Incremental Build of configuration Debug for project goio-reg-level ****
make -j8 all 
arm-none-eabi-gcc "../Src/main.c" -mcpu=cortex-m4 -std=gnu11 -g3 -DDEBUG -DSTM32F401CCUx -DSTM32 -DSTM32F4 -c -I../Inc -O0 -ffunction-sections -fdata-sections -Wall -fstack-usage -fcyclomatic-complexity -MMD -MP -MF"Src/main.d" -MT"Src/main.o" --specs=nano.specs -mfloat-abi=soft -mthumb -o "Src/main.o"
arm-none-eabi-gcc -o "goio-reg-level.elf" @"objects.list"   -mcpu=cortex-m4 -T"/home/aizaz/devomech/learning/STM32F4-BlackPill/gpio-register-level/goio-reg-level/STM32F401CCUX_FLASH.ld" --specs=nosys.specs -Wl,-Map="goio-reg-level.map" -Wl,--gc-sections -static --specs=nano.specs -mfloat-abi=soft -mthumb -Wl,--start-group -lc -lm -Wl,--end-group
Finished building target: goio-reg-level.elf
 
arm-none-eabi-size  goio-reg-level.elf 
arm-none-eabi-objdump -h -S goio-reg-level.elf  > "goio-reg-level.list"
   text	   data	    bss	    dec	    hex	filename
   3616	     92	   1900	   5608	   15e8	goio-reg-level.elf
Finished building: default.size.stdout
 
Finished building: goio-reg-level.list
 
16:44:14 **** Incremental Build of configuration Debug for project goio-reg-level ****
make -j8 all 
arm-none-eabi-gcc "../Src/main.c" -mcpu=cortex-m4 -std=gnu11 -g3 -DDEBUG -DSTM32F401CCUx -DSTM32 -DSTM32F4 -c -I../Inc -O0 -ffunction-sections -fdata-sections -Wall -fstack-usage -fcyclomatic-complexity -MMD -MP -MF"Src/main.d" -MT"Src/main.o" --specs=nano.specs -mfloat-abi=soft -mthumb -o "Src/main.o"
arm-none-eabi-gcc -o "goio-reg-level.elf" @"objects.list"   -mcpu=cortex-m4 -T"/home/aizaz/devomech/learning/STM32F4-BlackPill/gpio-register-level/goio-reg-level/STM32F401CCUX_FLASH.ld" --specs=nosys.specs -Wl,-Map="goio-reg-level.map" -Wl,--gc-sections -static --specs=nano.specs -mfloat-abi=soft -mthumb -Wl,--start-group -lc -lm -Wl,--end-group
Finished building target: goio-reg-level.elf
 
arm-none-eabi-size  goio-reg-level.elf 
arm-none-eabi-objdump -h -S goio-reg-level.elf  > "goio-reg-level.list"
   text	   data	    bss	    dec	    hex	filename
   3616	     92	   1900	   5608	   15e8	goio-reg-level.elf
Finished building: default.size.stdout
 
Finished building: goio-reg-level.list
 
16:47:34 **** Incremental Build of configuration Debug for project goio-reg-level ****
make -j8 all 
arm-none-eabi-gcc "../Src/main.c" -mcpu=cortex-m4 -std=gnu11 -g3 -DDEBUG -DSTM32F401CCUx -DSTM32 -DSTM32F4 -c -I../Inc -O0 -ffunction-sections -fdata-sections -Wall -fstack-usage -fcyclomatic-complexity -MMD -MP -MF"Src/main.d" -MT"Src/main.o" --specs=nano.specs -mfloat-abi=soft -mthumb -o "Src/main.o"
arm-none-eabi-gcc -o "goio-reg-level.elf" @"objects.list"   -mcpu=cortex-m4 -T"/home/aizaz/devomech/learning/STM32F4-BlackPill/gpio-register-level/goio-reg-level/STM32F401CCUX_FLASH.ld" --specs=nosys.specs -Wl,-Map="goio-reg-level.map" -Wl,--gc-sections -static --specs=nano.specs -mfloat-abi=soft -mthumb -Wl,--start-group -lc -lm -Wl,--end-group
Finished building target: goio-reg-level.elf
 
arm-none-eabi-size  goio-reg-level.elf 
arm-none-eabi-objdump -h -S goio-reg-level.elf  > "goio-reg-level.list"
   text	   data	    bss	    dec	    hex	filename
   3616	     92	   1900	   5608	   15e8	goio-reg-level.elf
Finished building: default.size.stdout
 
Finished building: goio-reg-level.list
 
16:48:49 **** Incremental Build of configuration Debug for project goio-reg-level ****
make -j8 all 
arm-none-eabi-gcc "../Src/main.c" -mcpu=cortex-m4 -std=gnu11 -g3 -DDEBUG -DSTM32F401CCUx -DSTM32 -DSTM32F4 -c -I../Inc -O0 -ffunction-sections -fdata-sections -Wall -fstack-usage -fcyclomatic-complexity -MMD -MP -MF"Src/main.d" -MT"Src/main.o" --specs=nano.specs -mfloat-abi=soft -mthumb -o "Src/main.o"
arm-none-eabi-gcc -o "goio-reg-level.elf" @"objects.list"   -mcpu=cortex-m4 -T"/home/aizaz/devomech/learning/STM32F4-BlackPill/gpio-register-level/goio-reg-level/STM32F401CCUX_FLASH.ld" --specs=nosys.specs -Wl,-Map="goio-reg-level.map" -Wl,--gc-sections -static --specs=nano.specs -mfloat-abi=soft -mthumb -Wl,--start-group -lc -lm -Wl,--end-group
Finished building target: goio-reg-level.elf
 
arm-none-eabi-size  goio-reg-level.elf 
arm-none-eabi-objdump -h -S goio-reg-level.elf  > "goio-reg-level.list"
   text	   data	    bss	    dec	    hex	filename
   3616	     92	   1900	   5608	   15e8	goio-reg-level.elf
Finished building: default.size.stdout
 
Finished building: goio-reg-level.list
 
16:49:04 **** Incremental Build of configuration Debug for project goio-reg-level ****
make -j8 all 
arm-none-eabi-gcc "../Src/main.c" -mcpu=cortex-m4 -std=gnu11 -g3 -DDEBUG -DSTM32F401CCUx -DSTM32 -DSTM32F4 -c -I../Inc -O0 -ffunction-sections -fdata-sections -Wall -fstack-usage -fcyclomatic-complexity -MMD -MP -MF"Src/main.d" -MT"Src/main.o" --specs=nano.specs -mfloat-abi=soft -mthumb -o "Src/main.o"
arm-none-eabi-gcc -o "goio-reg-level.elf" @"objects.list"   -mcpu=cortex-m4 -T"/home/aizaz/devomech/learning/STM32F4-BlackPill/gpio-register-level/goio-reg-level/STM32F401CCUX_FLASH.ld" --specs=nosys.specs -Wl,-Map="goio-reg-level.map" -Wl,--gc-sections -static --specs=nano.specs -mfloat-abi=soft -mthumb -Wl,--start-group -lc -lm -Wl,--end-group
Finished building target: goio-reg-level.elf
 
arm-none-eabi-size  goio-reg-level.elf 
arm-none-eabi-objdump -h -S goio-reg-level.elf  > "goio-reg-level.list"
   text	   data	    bss	    dec	    hex	filename
   3616	     92	   1900	   5608	   15e8	goio-reg-level.elf
Finished building: default.size.stdout
 
Finished building: goio-reg-level.list
 
16:50:21 **** Incremental Build of configuration Debug for project goio-reg-level ****
make -j8 all 
arm-none-eabi-gcc "../Src/main.c" -mcpu=cortex-m4 -std=gnu11 -g3 -DDEBUG -DSTM32F401CCUx -DSTM32 -DSTM32F4 -c -I../Inc -O0 -ffunction-sections -fdata-sections -Wall -fstack-usage -fcyclomatic-complexity -MMD -MP -MF"Src/main.d" -MT"Src/main.o" --specs=nano.specs -mfloat-abi=soft -mthumb -o "Src/main.o"
arm-none-eabi-gcc -o "goio-reg-level.elf" @"objects.list"   -mcpu=cortex-m4 -T"/home/aizaz/devomech/learning/STM32F4-BlackPill/gpio-register-level/goio-reg-level/STM32F401CCUX_FLASH.ld" --specs=nosys.specs -Wl,-Map="goio-reg-level.map" -Wl,--gc-sections -static --specs=nano.specs -mfloat-abi=soft -mthumb -Wl,--start-group -lc -lm -Wl,--end-group
Finished building target: goio-reg-level.elf
 
arm-none-eabi-size  goio-reg-level.elf 
arm-none-eabi-objdump -h -S goio-reg-level.elf  > "goio-reg-level.list"
   text	   data	    bss	    dec	    hex	filename
   3620	     92	   1900	   5612	   15ec	goio-reg-level.elf
Finished building: default.size.stdout
 
Finished building: goio-reg-level.list
 
16:50:46 **** Incremental Build of configuration Debug for project goio-reg-level ****
make -j8 all 
arm-none-eabi-gcc "../Src/main.c" -mcpu=cortex-m4 -std=gnu11 -g3 -DDEBUG -DSTM32F401CCUx -DSTM32 -DSTM32F4 -c -I../Inc -O0 -ffunction-sections -fdata-sections -Wall -fstack-usage -fcyclomatic-complexity -MMD -MP -MF"Src/main.d" -MT"Src/main.o" --specs=nano.specs -mfloat-abi=soft -mthumb -o "Src/main.o"
arm-none-eabi-gcc -o "goio-reg-level.elf" @"objects.list"   -mcpu=cortex-m4 -T"/home/aizaz/devomech/learning/STM32F4-BlackPill/gpio-register-level/goio-reg-level/STM32F401CCUX_FLASH.ld" --specs=nosys.specs -Wl,-Map="goio-reg-level.map" -Wl,--gc-sections -static --specs=nano.specs -mfloat-abi=soft -mthumb -Wl,--start-group -lc -lm -Wl,--end-group
Finished building target: goio-reg-level.elf
 
arm-none-eabi-size  goio-reg-level.elf 
arm-none-eabi-objdump -h -S goio-reg-level.elf  > "goio-reg-level.list"
   text	   data	    bss	    dec	    hex	filename
   3620	     92	   1900	   5612	   15ec	goio-reg-level.elf
Finished building: default.size.stdout
 
Finished building: goio-reg-level.list
 
16:51:34 **** Incremental Build of configuration Debug for project goio-reg-level ****
make -j8 all 
arm-none-eabi-gcc "../Src/main.c" -mcpu=cortex-m4 -std=gnu11 -g3 -DDEBUG -DSTM32F401CCUx -DSTM32 -DSTM32F4 -c -I../Inc -O0 -ffunction-sections -fdata-sections -Wall -fstack-usage -fcyclomatic-complexity -MMD -MP -MF"Src/main.d" -MT"Src/main.o" --specs=nano.specs -mfloat-abi=soft -mthumb -o "Src/main.o"
arm-none-eabi-gcc -o "goio-reg-level.elf" @"objects.list"   -mcpu=cortex-m4 -T"/home/aizaz/devomech/learning/STM32F4-BlackPill/gpio-register-level/goio-reg-level/STM32F401CCUX_FLASH.ld" --specs=nosys.specs -Wl,-Map="goio-reg-level.map" -Wl,--gc-sections -static --specs=nano.specs -mfloat-abi=soft -mthumb -Wl,--start-group -lc -lm -Wl,--end-group
Finished building target: goio-reg-level.elf
 
arm-none-eabi-size  goio-reg-level.elf 
arm-none-eabi-objdump -h -S goio-reg-level.elf  > "goio-reg-level.list"
   text	   data	    bss	    dec	    hex	filename
   3692	     92	   1900	   5684	   1634	goio-reg-level.elf
Finished building: default.size.stdout
 
Finished building: goio-reg-level.list
 
16:52:04 **** Incremental Build of configuration Debug for project goio-reg-level ****
make -j8 all 
arm-none-eabi-size  goio-reg-level.elf 
   text	   data	    bss	    dec	    hex	filename
   3692	     92	   1900	   5684	   1634	goio-reg-level.elf
Finished building: default.size.stdout
 
17:13:02 **** Incremental Build of configuration Debug for project goio-reg-level ****
make -j8 all 
arm-none-eabi-size  goio-reg-level.elf 
   text	   data	    bss	    dec	    hex	filename
   3692	     92	   1900	   5684	   1634	goio-reg-level.elf
Finished building: default.size.stdout
 
